{
  "passed": true,
  "at": "2026-10-04T21:04:21.851487+00:00",
  "version": "2.2",
  "build": {
    "stages": 24,
    "originalDesigns": 4396,
    "people": 4300,
    "animals": 96,
    "roles": 250,
    "generatedSourceImages": 1345,
    "preservedSourceImages": 1345,
    "baseSourceImages": 469,
    "newQualityImages": 76,
    "additionalAnimationGenerations": 800,
    "adoptedCharacterClips": 7200,
    "originalMaterialFallbackClips": 468,
    "animatedSceneryObjects": 288,
    "missing": [],
    "errors": []
  },
  "checks": {
    "coreUnit": 56,
    "inputAndAudioUnit": 8,
    "full180SecondSimulations": 24,
    "fullStageBrowserChecks": 24,
    "livingTownBrowserChecks": 24,
    "livingTownNavigationChecks": 24,
    "renderCacheStages": 24,
    "animationPlacementVisualStages": 24,
    "actualGeneratedArtStages": 24,
    "excludedSurfaceNavigationStages": 18,
    "actualPosePanelVisualStages": 24,
    "archivedAnimationGenerations": 800,
    "animationRenderer": 24,
    "solo": 9,
    "duo": 14,
    "revealingPhoto": 4,
    "audio": 18,
    "isolatedPerformance": 13
  },
  "metrics": {
    "simulatedMinutes": 72,
    "maxCharacterOverlapSeconds": 2.9000000000000012,
    "maxOffFloorActors": 0,
    "maxSwimmingRouteError": 3.552713678800501e-15,
    "medianFrameMs": 16.69999999999709,
    "isolatedWorstP95FrameMs": 33.39999999999418,
    "minimumRoomPopulationFraction": 0.4328571428571429,
    "maximumPopulation": 2000,
    "physicalControllerTested": false
  },
  "method": "Chrome 1440 × 900. All 24 stages: 180-second simulation, actual artwork rendering, interior population and activity checks. Performance sampled without concurrent simulation workers. Gamepad inputs simulated; physical controller not verified.",
  "codeHashes": {
    "expedition-core.js": "709c4cc6ea73307ad36ca4ecfcf0188f9cbb6296a7852d31a12e381999697e53",
    "expedition-app.js": "d6fd03637f93cdb33603dcbbd3d6fe87f2b5b6630b114bd8919d6df3f361261c",
    "expedition-render.js": "81308d7648dc177c368d191c1211ee13aacb0f959359b4e64ccd196aba866ca9",
    "expedition-input.js": "10ade82d6fb2aafc9434b270570ec4f6302e2c8111d3d76fb87f2804fefddf7c",
    "expedition-audio.js": "ebc5ec02e254db6d320a61a86e086862e18ef8fd25536ae7d9351ea6ab7fa91c",
    "data.js": "f3d8fb53fc48a6a2cf64e02db58449fb62ad7aef9149eace7843a57272d8fef4"
  },
  "imageFingerprint": "16b8f4ef00d4a3ec5a564fc4f1ce960fefb1a5085451e451e6a1e0d690fb7d18",
  "imageFileCount": 1353,
  "reports": [
    "animation-browser-report.json",
    "../animation-expansion/review/archive-audit.json",
    "../animation-expansion/review/scenery-runtime-placement.json",
    "../animation-expansion/review/runtime-art-all.json",
    "../animation-expansion/review/runtime-poses-visual-review.json",
    "../animation-expansion/review/navigation-footpoints.json",
    "core-test-report.txt",
    "core-test-integrity.json",
    "input-audio-unit-report.json",
    "all-stages-simulation.json",
    "stages-browser-report.json",
    "living-town-qa.json",
    "browser-report.json",
    "duo-browser-report.json",
    "photo-browser-report.json",
    "ui-final-report.json",
    "audio-browser-report.json",
    "performance-isolated-report.json",
    "../quality/review/living-town-visual-coverage.json",
    "../quality/review/render-cache-qa.json",
    "core-equivalence-report.json",
    "core-performance-review.json",
    "../quality/review/living-town-browser-report.json",
    "../quality/review/living-town-partial.json",
    "../quality/review/living-focus-final.json",
    "../quality/manifest.json"
  ]
}
